dummy medical report hemoglobin
